
C:\Users\itcub\Desktop\irms\backend\node_modules\fastify\lib\pluginUtils.js:125
    throw new FST_ERR_PLUGIN_VERSION_MISMATCH(meta.name, requiredVersion, this.version)
          ^
FastifyError: fastify-plugin: @fastify/multipart - expected '5.x' fastify version, '4.29.1' is installed
    at Object.checkVersion (C:\Users\itcub\Desktop\irms\backend\node_modules\fastify\lib\pluginUtils.js:125:11)
    at Object.registerPlugin (C:\Users\itcub\Desktop\irms\backend\node_modules\fastify\lib\pluginUtils.js:148:16)
    at Boot.override (C:\Users\itcub\Desktop\irms\backend\node_modules\fastify\lib\pluginOverride.js:28:57)
    at Boot._loadPlugin (C:\Users\itcub\Desktop\irms\backend\node_modules\avvio\boot.js:425:25)
    at process.processTicksAndRejections (node:internal/process/task_queues:90:21) {
  code: 'FST_ERR_PLUGIN_VERSION_MISMATCH',
  statusCode: 500
}

Node.js v26.1.0

C:\Users\itcub\Desktop\irms\backend\node_modules\fastify\lib\pluginUtils.js:125
    throw new FST_ERR_PLUGIN_VERSION_MISMATCH(meta.name, requiredVersion, this.version)
          ^
FastifyError: fastify-plugin: @fastify/multipart - expected '5.x' fastify version, '4.29.1' is installed
    at Object.checkVersion (C:\Users\itcub\Desktop\irms\backend\node_modules\fastify\lib\pluginUtils.js:125:11)
    at Object.registerPlugin (C:\Users\itcub\Desktop\irms\backend\node_modules\fastify\lib\pluginUtils.js:148:16)
    at Boot.override (C:\Users\itcub\Desktop\irms\backend\node_modules\fastify\lib\pluginOverride.js:28:57)
    at Boot._loadPlugin (C:\Users\itcub\Desktop\irms\backend\node_modules\avvio\boot.js:425:25)
    at process.processTicksAndRejections (node:internal/process/task_queues:90:21) {
  code: 'FST_ERR_PLUGIN_VERSION_MISMATCH',
  statusCode: 500
}

Node.js v26.1.0
